==================================================
PRUEBA DE INGESTA DE PDF
==================================================

1. Cargando PDF...
.\venv\Scripts\python 
: Traceback (most 
recent call last):
En línea: 1 Carácter: 
1
+ 
.\venv\Scripts\python 
test_ingestion.py > 
test_output.txt 2>&1; 
Get-C ...
+ ~~~~~~~~~~~~~~~~~~~~
~~~~~~~~~~~~~~~~~~~~~~
~~~~~~~~~~~~~~~~~~~~
    + CategoryInfo    
          : NotSpeci  
  fied: (Traceback    
 (most recent call    
 last)::String) [    
], RemoteExceptio    n
    + FullyQualifiedE 
   rrorId : NativeCo  
  mmandError
 
  File "C:\Users\user\
Desktop\Edtech\test_in
gestion.py", line 25, 
in <module>
    print(f"   \u2713 
PDF cargado: 
{doc.total_pages} 
pßginas, 
{doc.total_chars} 
caracteres")
  File "C:\Program Fil
es\WindowsApps\PythonS
oftwareFoundation.Pyth
on.3.11_3.11.2544.0_x6
4__qbz5n2kfra8p0\Lib\e
ncodings\cp1252.py", 
line 19, in encode
    return codecs.char
map_encode(input,self.
errors,encoding_table)
[0]
           ^^^^^^^^^^^
^^^^^^^^^^^^^^^^^^^^^^
^^^^^^^^^^^^^^^^^^^^^^
UnicodeEncodeError: 
'charmap' codec can't 
encode character 
'\u2713' in position 
3: character maps to 
<undefined>

During handling of 
the above exception, 
another exception 
occurred:

Traceback (most 
recent call last):
  File "C:\Users\user\
Desktop\Edtech\test_in
gestion.py", line 69, 
in <module>
    print(f"\n\u274c 
ERROR: {e}")
  File "C:\Program Fil
es\WindowsApps\PythonS
oftwareFoundation.Pyth
on.3.11_3.11.2544.0_x6
4__qbz5n2kfra8p0\Lib\e
ncodings\cp1252.py", 
line 19, in encode
    return codecs.char
map_encode(input,self.
errors,encoding_table)
[0]
           ^^^^^^^^^^^
^^^^^^^^^^^^^^^^^^^^^^
^^^^^^^^^^^^^^^^^^^^^^
UnicodeEncodeError: 
'charmap' codec can't 
encode character 
'\u274c' in position 
2: character maps to 
<undefined>
